// Jest Snapshot v1, https://goo.gl/fbAQLP

exports[`Cell Component matches snapshot 1`] = `
Object {
  "asFragment": [Function],
  "baseElement": <body>
    <div>
      <div
        class="cell"
        data-testid="cell"
        data-value="2"
        data-x="0"
        data-y="0"
        data-z="0"
        style="width: 100px; height: 86.60254037844386px; top: 106.69872981077808px; left: 75px;"
      >
        <div
          class="cell__tile"
          data-cell-value="2"
          data-testid="cell-tile"
          style="width: 82px; height: 68.60254037844386px; top: 9px; left: 9px; transform: scale(1.1);"
        >
          <span>
            2
          </span>
        </div>
      </div>
    </div>
  </body>,
  "container": <div>
    <div
      class="cell"
      data-testid="cell"
      data-value="2"
      data-x="0"
      data-y="0"
      data-z="0"
      style="width: 100px; height: 86.60254037844386px; top: 106.69872981077808px; left: 75px;"
    >
      <div
        class="cell__tile"
        data-cell-value="2"
        data-testid="cell-tile"
        style="width: 82px; height: 68.60254037844386px; top: 9px; left: 9px; transform: scale(1.1);"
      >
        <span>
          2
        </span>
      </div>
    </div>
  </div>,
  "debug": [Function],
  "findAllByAltText": [Function],
  "findAllByDisplayValue": [Function],
  "findAllByLabelText": [Function],
  "findAllByPlaceholderText": [Function],
  "findAllByRole": [Function],
  "findAllByTestId": [Function],
  "findAllByText": [Function],
  "findAllByTitle": [Function],
  "findByAltText": [Function],
  "findByDisplayValue": [Function],
  "findByLabelText": [Function],
  "findByPlaceholderText": [Function],
  "findByRole": [Function],
  "findByTestId": [Function],
  "findByText": [Function],
  "findByTitle": [Function],
  "getAllByAltText": [Function],
  "getAllByDisplayValue": [Function],
  "getAllByLabelText": [Function],
  "getAllByPlaceholderText": [Function],
  "getAllByRole": [Function],
  "getAllByTestId": [Function],
  "getAllByText": [Function],
  "getAllByTitle": [Function],
  "getByAltText": [Function],
  "getByDisplayValue": [Function],
  "getByLabelText": [Function],
  "getByPlaceholderText": [Function],
  "getByRole": [Function],
  "getByTestId": [Function],
  "getByText": [Function],
  "getByTitle": [Function],
  "queryAllByAltText": [Function],
  "queryAllByDisplayValue": [Function],
  "queryAllByLabelText": [Function],
  "queryAllByPlaceholderText": [Function],
  "queryAllByRole": [Function],
  "queryAllByTestId": [Function],
  "queryAllByText": [Function],
  "queryAllByTitle": [Function],
  "queryByAltText": [Function],
  "queryByDisplayValue": [Function],
  "queryByLabelText": [Function],
  "queryByPlaceholderText": [Function],
  "queryByRole": [Function],
  "queryByTestId": [Function],
  "queryByText": [Function],
  "queryByTitle": [Function],
  "rerender": [Function],
  "unmount": [Function],
}
`;
